[www.sura.co/seguros/personas/movilidad/soat.html]
[backblue.gif]
[fade.gif]
[index.html]
[www.sura.co/o/classic-theme/css/clay90db.css]
[www.sura.co/o/frontend-js-loader-modules-extender/loadera473.js]
[www.sura.co/o/commerce-frontend-js/styles/main.css]
[www.sura.co/o/layout-common-styles/main2b1f.css]
[www.sura.co/seguros/personas/movilidad/autos/digital.html]
[www.sura.co/seguros/personas/movilidad/motos/digital.html]
[cdn-widgets.chattigo.com/webchat-widget-new.js]
[chattigo.ingeneo.com.co/Sura/WebChat/custom-style-webchat.css]
[chattigo.ingeneo.com.co/Sura/WebChat/custom-functions-webchat.js]
[cdn.userway.org/widget.js]
[www.sura.co/o/adaptive-media/image/4598989/Thumbnail-300x300/superfinanciera7872.png]
[www.sura.co/o/adaptive-media/image/4598989/Preview-1000x0/superfinanciera7872.png]
[www.sura.co/seguros/personas/movilidad/soat.html]
[www.sura.co/o/classic-theme/js/main69fe.js]
[www.sura.co/o/classic-theme/images/aui/loading_indicator.gif]
[www.sura.co/o/classic-theme/css/clay90db.css]
[www.sura.co/o/commerce-frontend-js/styles/main.css]
[www.sura.co/o/layout-common-styles/main2b1f.css]
[asistenciawebv2.grupokonecta.co_8443/ClickToCallSura/lib/genesys/grtc.js]
[asistenciawebv2.grupokonecta.co_8443/ClickToCallSura/js/const.js]
[asistenciawebv2.grupokonecta.co_8443/ClickToCallSura/js/poa.widget.js]
[www.sura.co/o/layout-common-styles/main9ce7.css]
[www.sura.co/o/adaptive-media/image/5393284/Thumbnail-300x300/banner-carro-desktop-138ff.png]
[www.sura.co/o/adaptive-media/image/5393284/Preview-1000x0/banner-carro-desktop-138ff.png]
[www.sura.co/o/adaptive-media/image/5393297/Thumbnail-300x300/banner-carro-mobile-11124.png]
[www.sura.co/o/adaptive-media/image/5393297/Preview-1000x0/banner-carro-mobile-11124.png]
[www.sura.co/o/adaptive-media/image/4735410/Preview-1000x0/Preventiva_Desktop (1)d29a.png]
[www.sura.co/o/adaptive-media/image/4735410/Thumbnail-300x300/Preventiva_Desktop (1)d29a.png]
[www.sura.co/o/adaptive-media/image/4735402/Thumbnail-300x300/Preventiva_Mobile (1)c8e6.png]
[www.sura.co/o/adaptive-media/image/4735402/Preview-1000x0/Preventiva_Mobile (1)c8e6.png]
[www.sura.co/o/adaptive-media/image/4735381/Preview-1000x0/Experta_Desktop (1)b01c.png]
[www.sura.co/o/adaptive-media/image/4735381/Thumbnail-300x300/Experta_Desktop (1)b01c.png]
[www.sura.co/o/adaptive-media/image/4735373/Thumbnail-300x300/Experta__Mobile (1)72af.png]
[www.sura.co/o/adaptive-media/image/4735373/Preview-1000x0/Experta__Mobile (1)72af.png]
[www.sura.co/o/adaptive-media/image/4735299/Preview-1000x0/Descuento_Desktop (1)f85d.png]
[www.sura.co/o/adaptive-media/image/4735299/Thumbnail-300x300/Descuento_Desktop (1)f85d.png]
[www.sura.co/o/adaptive-media/image/4735291/Thumbnail-300x300/Descuento_Mobile (1)1db9.png]
[www.sura.co/o/adaptive-media/image/4735291/Preview-1000x0/Descuento_Mobile (1)1db9.png]
[www.sura.co/o/adaptive-media/image/4735499/Preview-1000x0/Terceros_Mobilec335.png]
[www.sura.co/o/adaptive-media/image/4735499/Thumbnail-300x300/Terceros_Mobilec335.png]
[www.sura.co/o/adaptive-media/image/4735491/Thumbnail-300x300/Terceros_Desktop1d4e.png]
[www.sura.co/o/adaptive-media/image/4735491/Preview-1000x0/Terceros_Desktop1d4e.png]
[www.sura.co/o/adaptive-media/image/4735448/Preview-1000x0/Defensa_Desktop004d.png]
[www.sura.co/o/adaptive-media/image/4735448/Thumbnail-300x300/Defensa_Desktop004d.png]
[www.sura.co/o/adaptive-media/image/4735440/Thumbnail-300x300/Defensa_Mobilef04a.png]
[www.sura.co/o/adaptive-media/image/4735440/Preview-1000x0/Defensa_Mobilef04a.png]
[www.sura.co/o/adaptive-media/image/4732797/Preview-1000x0/Grua_Desktopacde.png]
[www.sura.co/o/adaptive-media/image/4732797/Thumbnail-300x300/Grua_Desktopacde.png]
[www.sura.co/o/adaptive-media/image/4732789/Thumbnail-300x300/Grua_Mobilee5b1.png]
[www.sura.co/o/adaptive-media/image/4732789/Preview-1000x0/Grua_Mobilee5b1.png]
[www.sura.co/o/adaptive-media/image/4735676/Preview-1000x0/Juridica_Desktopdc12.png]
[www.sura.co/o/adaptive-media/image/4735676/Thumbnail-300x300/Juridica_Desktopdc12.png]
[www.sura.co/o/adaptive-media/image/4735668/Thumbnail-300x300/Juridica_Mobile32af.png]
[www.sura.co/o/adaptive-media/image/4735668/Preview-1000x0/Juridica_Mobile32af.png]
[www.sura.co/o/adaptive-media/image/4732944/Preview-1000x0/Cerrajeria_Desktope803.png]
[www.sura.co/o/adaptive-media/image/4732944/Thumbnail-300x300/Cerrajeria_Desktope803.png]
[www.sura.co/o/adaptive-media/image/4732936/Thumbnail-300x300/Cerrajeria_Mobile2d11.png]
[www.sura.co/o/adaptive-media/image/4732936/Preview-1000x0/Cerrajeria_Mobile2d11.png]
[www.sura.co/o/adaptive-media/image/4733155/Preview-1000x0/Conductor_Desktop928c.png]
[www.sura.co/o/adaptive-media/image/4733155/Thumbnail-300x300/Conductor_Desktop928c.png]
[www.sura.co/o/adaptive-media/image/4733147/Thumbnail-300x300/Conductor_Mobileee4b.png]
[www.sura.co/o/adaptive-media/image/4733147/Preview-1000x0/Conductor_Mobileee4b.png]
[www.sura.co/o/adaptive-media/image/4735343/Thumbnail-300x300/Bancos_Mobile749d.png]
[www.sura.co/o/adaptive-media/image/4735343/Preview-1000x0/Bancos_Mobile749d.png]
[www.sura.co/o/adaptive-media/image/4736084/Preview-1000x0/Cuenta_Desktopd0b7.png]
[www.sura.co/o/adaptive-media/image/4736084/Thumbnail-300x300/Cuenta_Desktopd0b7.png]
[www.sura.co/o/adaptive-media/image/4736076/Thumbnail-300x300/Cuenta_Mobile6046.png]
[www.sura.co/o/adaptive-media/image/4736076/Preview-1000x0/Cuenta_Mobile6046.png]
[www.sura.co/o/adaptive-media/image/4735714/Preview-1000x0/Debito_Desktop9643.png]
[www.sura.co/o/adaptive-media/image/4735714/Thumbnail-300x300/Debito_Desktop9643.png]
[www.sura.co/o/adaptive-media/image/4735706/Thumbnail-300x300/Debito_Mobile5bc2.png]
[www.sura.co/o/adaptive-media/image/4735706/Preview-1000x0/Debito_Mobile5bc2.png]
[www.sura.co/o/adaptive-media/image/4735858/Preview-1000x0/Financiados_Mobile8a83.png]
[www.sura.co/o/adaptive-media/image/4735858/Thumbnail-300x300/Financiados_Mobile8a83.png]
[www.sura.co/o/adaptive-media/image/4735850/Thumbnail-300x300/Financiados_Desktop5b4a.png]
[www.sura.co/o/adaptive-media/image/4735850/Preview-1000x0/Financiados_Desktop5b4a.png]
[www.sura.co/o/adaptive-media/image/4736047/Preview-1000x0/Desembolsos_Desktop21a6.png]
[www.sura.co/o/adaptive-media/image/4736047/Thumbnail-300x300/Desembolsos_Desktop21a6.png]
[www.sura.co/o/adaptive-media/image/4736039/Thumbnail-300x300/Desembolsos_Mobilec30d.png]
[www.sura.co/o/adaptive-media/image/4736039/Preview-1000x0/Desembolsos_Mobilec30d.png]
[www.sura.co/o/adaptive-media/image/4736248/Preview-1000x0/Retenido_Desktopba7f.png]
[www.sura.co/o/adaptive-media/image/4736248/Thumbnail-300x300/Retenido_Desktopba7f.png]
[www.sura.co/o/adaptive-media/image/4736240/Thumbnail-300x300/Retenido_Mobile70c8.png]
[www.sura.co/o/adaptive-media/image/4736240/Preview-1000x0/Retenido_Mobile70c8.png]
[www.sura.co/o/adaptive-media/image/4736010/Preview-1000x0/Uso_distinto_Desktopdb74.png]
[www.sura.co/o/adaptive-media/image/4736010/Thumbnail-300x300/Uso_distinto_Desktopdb74.png]
[www.sura.co/o/adaptive-media/image/4736002/Thumbnail-300x300/Uso_distinto_Mobilea230.png]
[www.sura.co/o/adaptive-media/image/4736002/Preview-1000x0/Uso_distinto_Mobilea230.png]
[www.sura.co/o/adaptive-media/image/4735596/Preview-1000x0/Hale_Desktopf497.png]
[www.sura.co/o/adaptive-media/image/4735596/Thumbnail-300x300/Hale_Desktopf497.png]
[www.sura.co/o/adaptive-media/image/4735588/Thumbnail-300x300/Hale_Mobile674e.png]
[www.sura.co/o/adaptive-media/image/4735588/Preview-1000x0/Hale_Mobile674e.png]
[www.sura.co/o/adaptive-media/image/4736186/Preview-1000x0/Arrendado_Desktop84c4.png]
[www.sura.co/o/adaptive-media/image/4736186/Thumbnail-300x300/Arrendado_Desktop84c4.png]
[www.sura.co/o/adaptive-media/image/4736178/Thumbnail-300x300/Arrendado_Mobile524d.png]
[www.sura.co/o/adaptive-media/image/4736178/Preview-1000x0/Arrendado_Mobile524d.png]
[www.sura.co/o/adaptive-media/image/4735895/Preview-1000x0/Vendida_Desktop2d70.png]
[www.sura.co/o/adaptive-media/image/4735895/Thumbnail-300x300/Vendida_Desktop2d70.png]
[www.sura.co/o/adaptive-media/image/4735887/Thumbnail-300x300/Vendida_Mobileaf91.png]
[www.sura.co/o/adaptive-media/image/4735887/Preview-1000x0/Vendida_Mobileaf91.png]
[www.sura.co/o/adaptive-media/image/4735540/Preview-1000x0/Falsos_Desktop886e.png]
[www.sura.co/o/adaptive-media/image/4735540/Thumbnail-300x300/Falsos_Desktop886e.png]
[www.sura.co/o/adaptive-media/image/4735532/Thumbnail-300x300/Falsos_Mobile9caa.png]
[www.sura.co/o/adaptive-media/image/4735532/Preview-1000x0/Falsos_Mobile9caa.png]
[www.sura.co/o/adaptive-media/image/4735950/Thumbnail-300x300/Banner_clausulado_Desktopec32.png]
[www.sura.co/o/adaptive-media/image/4735950/Preview-1000x0/Banner_clausulado_Desktopec32.png]
[www.sura.co/o/adaptive-media/image/4735942/Thumbnail-300x300/Banner_clausulado_Mobilee40e.png]
[www.sura.co/o/adaptive-media/image/4735942/Preview-1000x0/Banner_clausulado_Mobilee40e.png]
[www.sura.co/o/adaptive-media/image/4732547/Preview-1000x0/Muevete_libre_Desktopd034.png]
[www.sura.co/o/adaptive-media/image/4732547/Thumbnail-300x300/Muevete_libre_Desktopd034.png]
[www.sura.co/o/adaptive-media/image/4732555/Thumbnail-300x300/Muevete_libre_Mobile1e9a.png]
[www.sura.co/o/adaptive-media/image/4732555/Preview-1000x0/Muevete_libre_Mobile1e9a.png]
[www.sura.co/o/adaptive-media/image/4732847/Preview-1000x0/Viajes_Desktopaaf2.png]
[www.sura.co/o/adaptive-media/image/4732847/Thumbnail-300x300/Viajes_Desktopaaf2.png]
[www.sura.co/o/adaptive-media/image/4732855/Thumbnail-300x300/Viajes_Mobilee71b.png]
[www.sura.co/o/adaptive-media/image/4732855/Preview-1000x0/Viajes_Mobilee71b.png]
[www.sura.co/o/adaptive-media/image/4732308/Preview-1000x0/Mascotas_Desktop9427.png]
[www.sura.co/o/adaptive-media/image/4732308/Thumbnail-300x300/Mascotas_Desktop9427.png]
[www.sura.co/o/adaptive-media/image/4732316/Thumbnail-300x300/Mascotas_Mobilee902.png]
[www.sura.co/o/adaptive-media/image/4732316/Preview-1000x0/Mascotas_Mobilee902.png]
[www.sura.co/o/adaptive-media/image/4733058/Preview-1000x0/Exequias_Desktopc026.png]
[www.sura.co/o/adaptive-media/image/4733058/Thumbnail-300x300/Exequias_Desktopc026.png]
[www.sura.co/o/adaptive-media/image/4733066/Thumbnail-300x300/Exequias_Mobilec1ac.png]
[www.sura.co/o/adaptive-media/image/4733066/Preview-1000x0/Exequias_Mobilec1ac.png]
[www.sura.co/o/adaptive-media/image/4731971/Thumbnail-300x300/App_Desktop8585.png]
[www.sura.co/o/adaptive-media/image/4731971/Preview-1000x0/App_Desktop8585.png]
[www.sura.co/o/adaptive-media/image/4731963/Thumbnail-300x300/App_Mobile7346.png]
[www.sura.co/o/adaptive-media/image/4731963/Preview-1000x0/App_Mobile7346.png]
[www.sura.co/seguros/personas/movilidad/autos/digital.html]
[www.sura.co/o/layout-common-styles/main15e9.css]
[www.sura.co/o/adaptive-media/image/5392904/Thumbnail-300x300/banner-moto-desktop-1ad0b.png]
[www.sura.co/o/adaptive-media/image/5392904/Preview-1000x0/banner-moto-desktop-1ad0b.png]
[www.sura.co/o/adaptive-media/image/5393048/Thumbnail-300x300/banner-moto-mobile-1384b.png]
[www.sura.co/o/adaptive-media/image/5393048/Preview-1000x0/banner-moto-mobile-1384b.png]
[www.sura.co/o/adaptive-media/image/4733252/Preview-1000x0/Taller_Desktop7ead.png]
[www.sura.co/o/adaptive-media/image/4733252/Thumbnail-300x300/Taller_Desktop7ead.png]
[www.sura.co/o/adaptive-media/image/4733244/Thumbnail-300x300/Taller_Mobileac86.png]
[www.sura.co/o/adaptive-media/image/4733244/Preview-1000x0/Taller_Mobileac86.png]
[www.sura.co/o/adaptive-media/image/4733107/Preview-1000x0/Grua_Desktopd805.png]
[www.sura.co/o/adaptive-media/image/4733107/Thumbnail-300x300/Grua_Desktopd805.png]
[www.sura.co/o/adaptive-media/image/4733099/Thumbnail-300x300/Grua_Mobileb6cd.png]
[www.sura.co/o/adaptive-media/image/4733099/Preview-1000x0/Grua_Mobileb6cd.png]
[www.sura.co/o/adaptive-media/image/4732244/Preview-1000x0/Danos_Terceros_Mobile1c93.png]
[www.sura.co/o/adaptive-media/image/4732244/Thumbnail-300x300/Danos_Terceros_Mobile1c93.png]
[www.sura.co/o/adaptive-media/image/4732236/Thumbnail-300x300/Danos_Terceros_Desktop6cd3.png]
[www.sura.co/o/adaptive-media/image/4732236/Preview-1000x0/Danos_Terceros_Desktop6cd3.png]
[www.sura.co/o/adaptive-media/image/4732165/Preview-1000x0/Defensa_Desktop1e22.png]
[www.sura.co/o/adaptive-media/image/4732165/Thumbnail-300x300/Defensa_Desktop1e22.png]
[www.sura.co/o/adaptive-media/image/4732157/Thumbnail-300x300/Defensa_Mobile530b.png]
[www.sura.co/o/adaptive-media/image/4732157/Preview-1000x0/Defensa_Mobile530b.png]
[www.sura.co/o/adaptive-media/image/4732756/Preview-1000x0/Juridica_Desktopc519.png]
[www.sura.co/o/adaptive-media/image/4732756/Thumbnail-300x300/Juridica_Desktopc519.png]
[www.sura.co/o/adaptive-media/image/4732748/Thumbnail-300x300/Juridica_Mobiled0f0.png]
[www.sura.co/o/adaptive-media/image/4732748/Preview-1000x0/Juridica_Mobiled0f0.png]
[www.sura.co/o/adaptive-media/image/4732383/Preview-1000x0/Bancos_Desktop1ab2.png]
[www.sura.co/o/adaptive-media/image/4732383/Thumbnail-300x300/Bancos_Desktop1ab2.png]
[www.sura.co/o/adaptive-media/image/4732375/Thumbnail-300x300/Bancos_Mobile7bc2.png]
[www.sura.co/o/adaptive-media/image/4732375/Preview-1000x0/Bancos_Mobile7bc2.png]
[www.sura.co/o/adaptive-media/image/4732469/Preview-1000x0/Cuenta_Desktop4d3d.png]
[www.sura.co/o/adaptive-media/image/4732469/Thumbnail-300x300/Cuenta_Desktop4d3d.png]
[www.sura.co/o/adaptive-media/image/4732461/Thumbnail-300x300/Cuenta_Mobileff62.png]
[www.sura.co/o/adaptive-media/image/4732461/Preview-1000x0/Cuenta_Mobileff62.png]
[www.sura.co/o/adaptive-media/image/4732719/Preview-1000x0/Debito_Desktopb337.png]
[www.sura.co/o/adaptive-media/image/4732719/Thumbnail-300x300/Debito_Desktopb337.png]
[www.sura.co/o/adaptive-media/image/4732711/Thumbnail-300x300/Debito_Mobile7bc3.png]
[www.sura.co/o/adaptive-media/image/4732711/Preview-1000x0/Debito_Mobile7bc3.png]
[www.sura.co/o/adaptive-media/image/4732506/Preview-1000x0/Financiados_Mobileb322.png]
[www.sura.co/o/adaptive-media/image/4732506/Thumbnail-300x300/Financiados_Mobileb322.png]
[www.sura.co/o/adaptive-media/image/4732498/Thumbnail-300x300/Financiados_Desktopa4c4.png]
[www.sura.co/o/adaptive-media/image/4732498/Preview-1000x0/Financiados_Desktopa4c4.png]
[www.sura.co/o/adaptive-media/image/4732593/Preview-1000x0/Desembolsos_Desktop20da.png]
[www.sura.co/o/adaptive-media/image/4732593/Thumbnail-300x300/Desembolsos_Desktop20da.png]
[www.sura.co/o/adaptive-media/image/4732585/Thumbnail-300x300/Desembolsos_Mobilee9f1.png]
[www.sura.co/o/adaptive-media/image/4732585/Preview-1000x0/Desembolsos_Mobilee9f1.png]
[www.sura.co/o/adaptive-media/image/4732206/Preview-1000x0/Retenida_Desktopc3ca.png]
[www.sura.co/o/adaptive-media/image/4732206/Thumbnail-300x300/Retenida_Desktopc3ca.png]
[www.sura.co/o/adaptive-media/image/4732198/Thumbnail-300x300/Retenida_Mobiled784.png]
[www.sura.co/o/adaptive-media/image/4732198/Preview-1000x0/Retenida_Mobiled784.png]
[www.sura.co/o/adaptive-media/image/4733311/Preview-1000x0/Uso_distiinto_Desktopb51a.png]
[www.sura.co/o/adaptive-media/image/4733311/Thumbnail-300x300/Uso_distiinto_Desktopb51a.png]
[www.sura.co/o/adaptive-media/image/4733303/Thumbnail-300x300/Uso_distinto_Mobile8b45.png]
[www.sura.co/o/adaptive-media/image/4733303/Preview-1000x0/Uso_distinto_Mobile8b45.png]
[www.sura.co/o/adaptive-media/image/4733215/Preview-1000x0/Hale_Desktop2683.png]
[www.sura.co/o/adaptive-media/image/4733215/Thumbnail-300x300/Hale_Desktop2683.png]
[www.sura.co/o/adaptive-media/image/4733207/Thumbnail-300x300/Hale_Mobile19c1.png]
[www.sura.co/o/adaptive-media/image/4733207/Preview-1000x0/Hale_Mobile19c1.png]
[www.sura.co/o/adaptive-media/image/4732644/Preview-1000x0/Arrendada_Desktopde78.png]
[www.sura.co/o/adaptive-media/image/4732644/Thumbnail-300x300/Arrendada_Desktopde78.png]
[www.sura.co/o/adaptive-media/image/4732636/Thumbnail-300x300/Arrendada_Mobile4c82.png]
[www.sura.co/o/adaptive-media/image/4732636/Preview-1000x0/Arrendada_Mobile4c82.png]
[www.sura.co/o/adaptive-media/image/4732681/Preview-1000x0/Vendida_Desktopc43d.png]
[www.sura.co/o/adaptive-media/image/4732681/Thumbnail-300x300/Vendida_Desktopc43d.png]
[www.sura.co/o/adaptive-media/image/4732673/Thumbnail-300x300/Vendida_Mobile0054.png]
[www.sura.co/o/adaptive-media/image/4732673/Preview-1000x0/Vendida_Mobile0054.png]
[www.sura.co/o/adaptive-media/image/4732420/Preview-1000x0/Falsos_Desktop315c.png]
[www.sura.co/o/adaptive-media/image/4732420/Thumbnail-300x300/Falsos_Desktop315c.png]
[www.sura.co/o/adaptive-media/image/4732412/Thumbnail-300x300/Falsos_Mobile05bd.png]
[www.sura.co/o/adaptive-media/image/4732412/Preview-1000x0/Falsos_Mobile05bd.png]
[www.sura.co/o/adaptive-media/image/4733002/Thumbnail-300x300/Banner_clausulado_Desktop7054.png]
[www.sura.co/o/adaptive-media/image/4733002/Preview-1000x0/Banner_clausulado_Desktop7054.png]
[www.sura.co/o/adaptive-media/image/4732986/Thumbnail-300x300/Banner_clausulado_Mobileae96.png]
[www.sura.co/o/adaptive-media/image/4732986/Preview-1000x0/Banner_clausulado_Mobileae96.png]
[www.sura.co/seguros/personas/movilidad/motos/digital.html]
[chattigo.ingeneo.com.co/Sura/WebChat/fonts/Sura_Sans_Ttf/SuraSansVF.ttf]
[chattigo.ingeneo.com.co/Sura/WebChat/custom-style-webchat.css]
[www.sura.co/o/layout-common-styles/main9ce7.css]
[www.sura.co/o/layout-common-styles/main15e9.css]
